볼트: C:/Users/User/AppData/Local/Temp/runs/life-k3
모델: kimi-k3 + BM25
설정: {"reasoning_effort":"low"} · 프롬프트 src/core/prompts/write.md faa1d891 · eval.json 18412b4b · 예산 $8
잔액: $36.96

── sources/DETR (2020).pdf
   날짜 2020-05-29 · 본문 66295자
   wiki/나.md 를 만들었습니다 (허브)
   후보 1장: 나(글자)
   AI 호출 (입력 66466자) → 페이지 2장
   토큰 입력 24885 (캐시 0) · 출력 3835 (추론 232) · $0.1322 · 107.8s
   ! quote-없음 [DETR] "we use probabilities instead of log-prob" → 이 기록 줄만 버립니다
   ! quote-없음 [DETR] "GIoU loss on its own accounts for most o" → 이 기록 줄만 버립니다
   출처 sources/@DETR (2020).md
   생성 wiki/DETR.md (기록 23, 링크 0)
   갱신 wiki/나.md (기록 0, 링크 1)

── sources/Attention Is All You Need (2017).pdf
   날짜 2024-04-10 · 본문 39760자
   후보 2장: DETR(겹침 32.84), 나(글자)
   AI 호출 (입력 44042자) → 페이지 3장
   토큰 입력 20699 (캐시 6912) · 출력 4399 (추론 26) · $0.1094 · 131.0s
   ! quote-없음 [트랜스포머] "That is, the output of each sub-layer is" → 이 기록 줄만 버립니다
   ! quote-없음 [트랜스포머] "This consists of two linear transformati" → 이 기록 줄만 버립니다
   ! quote-없음 [트랜스포머] "We also experimented with using learned " → 이 기록 줄만 버립니다
   ! quote-없음 [트랜스포머] "self-attention layers are faster than re" → 이 기록 줄만 버립니다
   ! quote-없음 [트랜스포머] "We trained the base models for a total o" → 이 기록 줄만 버립니다
   ! quote-없음 [트랜스포머] "the Transformer outperforms the Berkeley" → 이 기록 줄만 버립니다
   출처 sources/@Attention Is All You Need (2017).md
   생성 wiki/트랜스포머.md (기록 16, 링크 1)
   갱신 wiki/DETR.md (기록 0, 링크 1)
   갱신 wiki/나.md (기록 0, 링크 2)

── 강의/2026-03-05-딥러닝 2주차.md
   날짜 2026-03-05 · 본문 415자
   후보 3장: DETR(겹침 27.88), 나(글자), 트랜스포머(겹침 26.08)
   AI 호출 (입력 9085자) → 페이지 5장
   토큰 입력 14021 (캐시 0) · 출력 2044 (추론 307) · $0.0727 · 50.1s
   ! quote-없음 [역전파] "오차를 뒤에서 앞으로 흘려볼날 복" → 이 기록 줄만 버립니다
   생성 wiki/퍼셉트론.md (기록 4, 링크 1)
   생성 wiki/활성함수.md (기록 3, 링크 1)
   생성 wiki/역전파.md (기록 2, 링크 0)
   생성 wiki/기울기 소실.md (기록 1, 링크 0)
   갱신 wiki/나.md (기록 0, 링크 6)
   소급 링크 1장 (퍼셉트론, 활성함수, 역전파, 기울기 소실)

══════════════════════════════════════════════════════════════════════
위키 7장 · 링크 11개 · 문서당 1.57 (기준선 1.5)
AI 호출 3회 · 캐시 0회 · 임베딩 0항목 · 지적 9건 · 토큰 입력 59605 (캐시 6912) · 출력 10278 (추론 565) · $0.31 · 호출 중앙값 107.8s 합계 289s
잔액: $36.96 → $36.96 (차감 $0.000 · 반영 지연 가능)

만들어진 페이지: DETR, 기울기 소실, 나, 역전파, 트랜스포머, 퍼셉트론, 활성함수
볼트: C:/Users/User/AppData/Local/Temp/runs/life-k3
모델: kimi-k3 + BM25
설정: {"reasoning_effort":"low"} · 프롬프트 src/core/prompts/write.md faa1d891 · eval.json 18412b4b · 예산 $8
잔액: $36.96

── 강의/2026-03-05-딥러닝 2주차.md
   날짜 2026-03-05 · 본문 415자
   이미 처리했습니다 (해시 동일) — 건너뜁니다

── 강의/2026-03-19-딥러닝 4주차.md
   날짜 2026-03-19 · 본문 712자
   후보 7장: DETR(겹침 59.16), 기울기 소실(겹침 15.49), 나(겹침 1.90), 역전파(겹침 24.04), 트랜스포머(겹침 55.08), 퍼셉트론(겹침 22.02), 활성함수(겹침 25.66)
   AI 호출 (입력 11050자) → 페이지 5장
   토큰 입력 15481 (캐시 0) · 출력 1972 (추론 22) · $0.0760 · 52.3s
   ! quote-없음 [CNN] "필터 하나가 특징 하나를 잡는다고 볼 수 있다고 하심" → 이 기록 줄만 버립니다
   생성 wiki/CNN.md (기록 8, 링크 2)
   생성 wiki/dilation.md (기록 2, 링크 1)
   생성 wiki/pooling.md (기록 1, 링크 1)
   생성 wiki/receptive field.md (기록 1, 링크 0)
   갱신 wiki/나.md (기록 0, 링크 10)
   소급 링크 1장 (CNN, dilation, pooling, receptive field)

── 강의/2026-04-02-딥러닝 6주차.md
   날짜 2026-04-02 · 본문 607자
   후보 9장: CNN(겹침 81.09), DETR(겹침 76.39), dilation(글자 66.59), receptive field(글자 24.00), 나(글자), 역전파(겹침 17.32), 트랜스포머(겹침 70.72), 퍼셉트론(겹침 32.22), 활성함수(글자 55.98)
   AI 호출 (입력 12830자) → 페이지 5장
   토큰 입력 16726 (캐시 0) · 출력 2348 (추론 144) · $0.0854 · 64.2s
   갱신 wiki/CNN.md (기록 5, 링크 6)
   갱신 wiki/dilation.md (기록 4, 링크 2)
   생성 wiki/1x1 컨볼루션.md (기록 3, 링크 1)
   생성 wiki/ResNet.md (기록 3, 링크 0)
   갱신 wiki/나.md (기록 0, 링크 12)
   소급 링크 1장 (1x1 컨볼루션, ResNet)

── 강의/2026-04-16-딥러닝 8주차.md
   날짜 2026-04-16 · 본문 699자
   후보 9장: CNN(글자 74.71), DETR(겹침 73.38), ResNet(겹침 28.33), dilation(겹침 36.18), 나(글자), 역전파(겹침 44.29), 트랜스포머(글자 150.99), 퍼셉트론(겹침 28.43), 활성함수(겹침 32.48)
   AI 호출 (입력 14216자) → 페이지 2장
   토큰 입력 17739 (캐시 6912) · 출력 2159 (추론 670) · $0.0669 · 66.3s
   ! quote-없음 [트랜스포머] "필터는 고정된 이웃만 보고 어텐션은 전체를 볼 수 있으며 가중치를 데이터" → 이 기록 줄만 버립니다
   ! quote-없음 [CNN] "필터는 고정된 이웃만 보고 어텐션은 전체를 볼 수 있으며 가중치를 데이터" → 이 기록 줄만 버립니다
   갱신 wiki/트랜스포머.md (기록 11, 링크 2)
   갱신 wiki/CNN.md (기록 0, 링크 7)

── 강의/2026-09-01-운영체제 1주차.md
   날짜 2026-09-01 · 본문 610자
   후보 9장: CNN(겹침 38.04), DETR(겹침 38.46), ResNet(겹침 20.55), dilation(겹침 18.50), 기울기 소실(겹침 15.12), 나(글자), 역전파(겹침 21.32), 트랜스포머(겹침 53.70), 활성함수(겹침 22.62)
   AI 호출 (입력 15137자) → 페이지 5장
   토큰 입력 18388 (캐시 0) · 출력 2517 (추론 164) · $0.0929 · 67.0s
   ! quote-없음 [시스템 콜] "시스템 콜을 부륾면 커널 모드로 바뀌었다가 돌아온다" → 이 기록 줄만 버립니다
   생성 wiki/운영체제.md (기록 3, 링크 1)
   생성 wiki/시스템 콜.md (기록 3, 링크 1)
   생성 wiki/프로세스.md (기록 6, 링크 2)
   생성 wiki/fork.md (기록 2, 링크 2)
   갱신 wiki/나.md (기록 0, 링크 16)

── 일기/2026-09-01.md
   날짜 2026-09-01 · 본문 161자
   후보 9장: CNN(겹침 17.85), DETR(겹침 10.82), ResNet(겹침 6.11), fork(겹침 6.05), 나(글자), 시스템 콜(겹침 10.62), 역전파(겹침 5.79), 트랜스포머(겹침 19.81), 활성함수(겹침 7.52)
   AI 호출 (입력 14605자) → 페이지 5장
   토큰 입력 18091 (캐시 0) · 출력 1039 (추론 97) · $0.0699 · 30.9s
   ! quote-없음 [달리기] "나도 합볼까 싶은데 아침에 못 일어난다." → 이 기록 줄만 버립니다
   ! quote-없음 [커피] "오후에 카페에서 과제. 아메리칸노 두 잔." → 이 기록 줄만 버립니다
   생성 wiki/민지.md (기록 3, 링크 1)
   생성 wiki/달리기.md (기록 0, 링크 2)
   생성 wiki/커피.md (기록 1, 링크 0)
   생성 wiki/수면.md (기록 1, 링크 1)
   갱신 wiki/나.md (기록 0, 링크 20)
   소급 링크 1장 (민지, 달리기, 커피, 수면)

── 독서/2026-09-02-느리게 걷기.md
   날짜 2026-09-02 · 본문 155자
   후보 9장: CNN(겹침 15.85), DETR(겹침 13.54), ResNet(겹침 11.78), dilation(겹침 12.16), 나(글자), 달리기(겹침 8.01), 민지(글자 6.82), 트랜스포머(겹침 17.33), 활성함수(겹침 6.32)
   AI 호출 (입력 14763자) → 페이지 3장
   토큰 입력 18137 (캐시 6912) · 출력 1076 (추론 278) · $0.0519 · 33.0s
   생성 wiki/느리게 걷기.md (기록 4, 링크 1)
   갱신 wiki/민지.md (기록 1, 링크 2)
   갱신 wiki/나.md (기록 0, 링크 21)

── 일기/2026-09-04.md
   날짜 2026-09-04 · 본문 139자
   후보 10장: CNN(겹침 12.14), DETR(겹침 12.31), dilation(겹침 25.49), 나(글자), 느리게 걷기(겹침 15.19), 달리기(글자 30.43), 민지(글자 23.56), 수면(겹침 25.03), 커피(글자), 트랜스포머(겹침 19.52)
   AI 호출 (입력 14770자) → 페이지 3장
   토큰 입력 18215 (캐시 6912) · 출력 865 (추론 31) · $0.0490 · 27.0s
   갱신 wiki/달리기.md (기록 4, 링크 1)
   갱신 wiki/커피.md (기록 1, 링크 0)
   갱신 wiki/나.md (기록 0, 링크 21)

── 팀플/2026-09-05-캡스톤 킥오프.md
   날짜 2026-09-05 · 본문 468자
   후보 9장: CNN(겹침 40.68), DETR(겹침 38.38), 나(글자), 느리게 걷기(겹침 12.88), 달리기(겹침 17.61), 시스템 콜(겹침 17.04), 운영체제(겹침 13.11), 트랜스포머(겹침 33.52), 프로세스(겹침 16.73)
   AI 호출 (입력 15970자) → 페이지 4장
   토큰 입력 18991 (캐시 6912) · 출력 1869 (추론 116) · $0.0663 · 54.6s
   ! quote-없음 [도서관 좌석 알림 앱] "도서관 좌석 알림 앱. 자리가 나면 알려주는 것. 중앙도서관 열림실 자리" → 이 기록 줄만 버립니다
   ! quote-없음 [도서관 좌석 알림 앱] "지훈: 백엔드 (FastAPI), 서버\n- 수아: 디자인, 프론트 (R" → 이 기록 줄만 버립니다
   ! quote-없음 [도서관 좌석 알림 앱] "1차 목표: 10월 말 중간 발표까지 좌석 현황 조회만 되게\n- 예측은" → 이 기록 줄만 버립니다
   ! quote-없음 [도서관 좌석 알림 앱] "좌석 상태를 어떻게 알아낼지가. 도서관 시스템 API 가 있나? 없으면 " → 이 기록 줄만 버립니다
   생성 wiki/도서관 좌석 알림 앱.md (기록 3, 링크 2)
   생성 wiki/지훈.md (기록 3, 링크 1)
   생성 wiki/수아.md (기록 3, 링크 1)
   갱신 wiki/나.md (기록 0, 링크 24)

── 일기/2026-09-06.md
   날짜 2026-09-06 · 본문 156자
   후보 8장: DETR(겹침 12.20), 나(겹침 9.60), 달리기(글자 29.89), 도서관 좌석 알림 앱(겹침 13.97), 민지(글자 23.16), 역전파(겹침 12.64), 커피(겹침 10.65), 트랜스포머(겹침 11.81)
   AI 호출 (입력 13039자) → 페이지 5장
   토큰 입력 17011 (캐시 6912) · 출력 1275 (추론 358) · $0.0515 · 33.2s
   ! quote-없음 [가족] "추석에 남남오냐고 하셔서 간다고 했다. 기차표 예매해야 한다." → 이 기록 줄만 버립니다
   갱신 wiki/달리기.md (기록 3, 링크 1)
   갱신 wiki/민지.md (기록 2, 링크 2)
   생성 wiki/가족.md (기록 1, 링크 0)
   갱신 wiki/수면.md (기록 1, 링크 1)
   갱신 wiki/나.md (기록 0, 링크 25)

══════════════════════════════════════════════════════════════════════
위키 26장 · 링크 60개 · 문서당 2.31 (기준선 1.5)
AI 호출 9회 · 캐시 0회 · 임베딩 0항목 · 지적 11건 · 토큰 입력 158779 (캐시 34560) · 출력 15120 (추론 1880) · $0.61 · 호출 중앙값 52.3s 합계 429s
잔액: $36.96 → $36.50 (차감 $0.455 · 반영 지연 가능)

만들어진 페이지: 1x1 컨볼루션, CNN, DETR, ResNet, dilation, fork, pooling, receptive field, 가족, 기울기 소실, 나, 느리게 걷기, 달리기, 도서관 좌석 알림 앱, 민지, 수면, 수아, 시스템 콜, 역전파, 운영체제, 지훈, 커피, 트랜스포머, 퍼셉트론, 프로세스, 활성함수
볼트: C:/Users/User/AppData/Local/Temp/runs/life-k3
모델: kimi-k3 + BM25
설정: {"reasoning_effort":"low"} · 프롬프트 src/core/prompts/write.md faa1d891 · eval.json 18412b4b · 예산 $8
잔액: $36.50

── 강의/2026-03-05-딥러닝 2주차.md
   날짜 2026-03-05 · 본문 415자
   이미 처리했습니다 (해시 동일) — 건너뜁니다

── 강의/2026-03-19-딥러닝 4주차.md
   날짜 2026-03-19 · 본문 712자
   이미 처리했습니다 (해시 동일) — 건너뜁니다

── 강의/2026-04-02-딥러닝 6주차.md
   날짜 2026-04-02 · 본문 607자
   이미 처리했습니다 (해시 동일) — 건너뜁니다

── 강의/2026-04-16-딥러닝 8주차.md
   날짜 2026-04-16 · 본문 699자
   이미 처리했습니다 (해시 동일) — 건너뜁니다

── 강의/2026-09-01-운영체제 1주차.md
   날짜 2026-09-01 · 본문 610자
   이미 처리했습니다 (해시 동일) — 건너뜁니다

── 일기/2026-09-01.md
   날짜 2026-09-01 · 본문 161자
   이미 처리했습니다 (해시 동일) — 건너뜁니다

── 독서/2026-09-02-느리게 걷기.md
   날짜 2026-09-02 · 본문 155자
   이미 처리했습니다 (해시 동일) — 건너뜁니다

── 일기/2026-09-04.md
   날짜 2026-09-04 · 본문 139자
   이미 처리했습니다 (해시 동일) — 건너뜁니다

── 팀플/2026-09-05-캡스톤 킥오프.md
   날짜 2026-09-05 · 본문 468자
   이미 처리했습니다 (해시 동일) — 건너뜁니다

── 일기/2026-09-06.md
   날짜 2026-09-06 · 본문 156자
   이미 처리했습니다 (해시 동일) — 건너뜁니다

── 강의/2026-09-08-운영체제 2주차.md
   날짜 2026-09-08 · 본문 648자
   후보 9장: CNN(겹침 65.00), DETR(겹침 57.72), fork(글자 46.64), 나(글자), 도서관 좌석 알림 앱(글자 51.95), 시스템 콜(겹침 44.66), 운영체제(겹침 43.38), 트랜스포머(겹침 78.32), 프로세스(글자 81.26)
   AI 호출 (입력 16322자) → 페이지 5장
   토큰 입력 19224 (캐시 0) · 출력 2416 (추론 66) · $0.0939 · 57.8s
   생성 wiki/스레드.md (기록 8, 링크 2)
   생성 wiki/컨텍스트 스위치.md (기록 4, 링크 2)
   갱신 wiki/프로세스.md (기록 0, 링크 4)
   갱신 wiki/fork.md (기록 1, 링크 2)
   갱신 wiki/나.md (기록 0, 링크 27)

── 독서/2026-09-08-느리게 걷기 끝.md
   날짜 2026-09-08 · 본문 193자
   후보 8장: CNN(겹침 26.76), DETR(겹침 16.96), 나(겹침 11.56), 느리게 걷기(글자 41.16), 달리기(겹침 21.21), 민지(글자 30.21), 스레드(겹침 13.16), 트랜스포머(겹침 23.68)
   AI 호출 (입력 15860자) → 페이지 2장
   토큰 입력 18986 (캐시 6912) · 출력 980 (추론 68) · $0.0530 · 32.3s
   ! quote-없음 [느리게 걷기] "별점 3.5. 앞부분만 볼 때는 4. 나는 한 번이면 충분할 것 같다." → 이 기록 줄만 버립니다
   갱신 wiki/느리게 걷기.md (기록 3, 링크 1)
   갱신 wiki/민지.md (기록 1, 링크 2)

── 강의/2026-09-09-데이터베이스 2주차.md
   날짜 2026-09-09 · 본문 445자
   후보 9장: CNN(겹침 24.42), DETR(겹침 42.21), dilation(겹침 24.44), 나(글자), 달리기(겹침 28.08), 도서관 좌석 알림 앱(글자 71.75), 지훈(글자 49.39), 트랜스포머(겹침 33.90), 프로세스(겹침 29.57)
   AI 호출 (입력 17113자) → 페이지 6장
   토큰 입력 19809 (캐시 0) · 출력 1960 (추론 66) · $0.0888 · 50.0s
   ! quote-없음 [관계형 모델] "테이블 = 릴리이션, 행 = 튜플, 열 = 속성" → 이 기록 줄만 버립니다
   생성 wiki/관계형 모델.md (기록 1, 링크 0)
   생성 wiki/키 (데이터베이스).md (기록 6, 링크 0)
   생성 wiki/SQL.md (기록 2, 링크 0)
   갱신 wiki/도서관 좌석 알림 앱.md (기록 3, 링크 2)
   갱신 wiki/지훈.md (기록 1, 링크 1)
   갱신 wiki/나.md (기록 0, 링크 30)

── 강의/2026-09-10-경제학원론 2주차.md
   날짜 2026-09-10 · 본문 452자
   후보 10장: CNN(겹침 39.62), DETR(겹침 29.92), 나(글자), 느리게 걷기(글자 39.15), 스레드(겹침 24.76), 커피(글자), 키 (데이터베이스)(겹침 21.97), 트랜스포머(겹침 28.85), 프로세스(겹침 28.85), 활성함수(겹침 26.17)
   AI 호출 (입력 18199자) → 페이지 7장
   토큰 입력 20641 (캐시 6912) · 출력 2935 (추론 350) · $0.0873 · 84.7s
   ! quote-없음 [수요와 공급] "수요 곡선: 가격 오륾면 덜 산다. 우하향" → 이 기록 줄만 버립니다
   ! quote-없음 [수요와 공급] "공급 곡선: 가격 오륾면 더 판다. 우상향" → 이 기록 줄만 버립니다
   생성 wiki/기회비용.md (기록 3, 링크 1)
   생성 wiki/매몰비용.md (기록 3, 링크 0)
   생성 wiki/수요와 공급.md (기록 4, 링크 0)
   생성 wiki/탄력성.md (기록 2, 링크 1)
   갱신 wiki/느리게 걷기.md (기록 0, 링크 2)
   갱신 wiki/커피.md (기록 0, 링크 1)
   갱신 wiki/나.md (기록 0, 링크 34)

── 논문/2026-09-10-DETR 읽기.md
   날짜 2026-09-10 · 본문 801자
   후보 10장: CNN(글자 83.63), DETR(글자 170.11), ResNet(글자), dilation(겹침 57.07), 나(글자), 느리게 걷기(겹침 46.05), 달리기(겹침 44.90), 도서관 좌석 알림 앱(겹침 53.66), 트랜스포머(글자 128.02), 프로세스(겹침 51.13)
   AI 호출 (입력 19023자) → 페이지 2장
   토큰 입력 21205 (캐시 6912) · 출력 1705 (추론 539) · $0.0705 · 56.8s
   갱신 wiki/DETR.md (기록 7, 링크 4)
   갱신 wiki/트랜스포머.md (기록 2, 링크 2)

── 일기/2026-09-11.md
   날짜 2026-09-11 · 본문 179자
   후보 8장: CNN(겹침 16.53), 가족(겹침 33.13), 나(겹침 19.32), 느리게 걷기(겹침 28.85), 달리기(글자 59.65), 민지(글자 52.49), 수면(겹침 14.16), 커피(글자 15.78)
   AI 호출 (입력 6511자) → 페이지 5장
   토큰 입력 12248 (캐시 6912) · 출력 1410 (추론 173) · $0.0392 · 43.8s
   갱신 wiki/민지.md (기록 4, 링크 3)
   갱신 wiki/달리기.md (기록 3, 링크 1)
   갱신 wiki/커피.md (기록 1, 링크 3)
   생성 wiki/추석.md (기록 1, 링크 0)
   갱신 wiki/가족.md (기록 0, 링크 1)

── 팀플/2026-09-11-알고리즘 스터디 1회.md
   날짜 2026-09-11 · 본문 446자
   후보 9장: CNN(겹침 34.39), DETR(겹침 41.56), fork(겹침 24.96), 나(글자), 도서관 좌석 알림 앱(겹침 34.13), 스레드(겹침 43.16), 지훈(글자 22.91), 트랜스포머(겹침 37.21), 프로세스(겹침 24.88)
   AI 호출 (입력 18730자) → 페이지 7장
   토큰 입력 20872 (캐시 0) · 출력 3169 (추론 505) · $0.1102 · 90.9s
   생성 wiki/알고리즘 스터디.md (기록 5, 링크 5)
   생성 wiki/BFS.md (기록 2, 링크 3)
   생성 wiki/멀티 소스 BFS.md (기록 1, 링크 2)
   생성 wiki/DFS.md (기록 2, 링크 2)
   생성 wiki/태윤.md (기록 3, 링크 2)
   갱신 wiki/지훈.md (기록 1, 링크 2)
   갱신 wiki/나.md (기록 0, 링크 39)

── 논문/2026-09-12-Attention is all you need 읽기.md
   날짜 2026-09-12 · 본문 1075자
   후보 9장: CNN(겹침 103.11), DETR(글자 188.46), 나(글자), 느리게 걷기(겹침 89.56), 달리기(겹침 58.42), 도서관 좌석 알림 앱(겹침 60.39), 트랜스포머(겹침 321.27), 프로세스(겹침 63.42), 활성함수(겹침 56.88)
   AI 호출 (입력 19767자) → 페이지 2장
   토큰 입력 21712 (캐시 6912) · 출력 2297 (추론 65) · $0.0809 · 71.5s
   ! quote-없음 [트랜스포머] "첫 번째 어텐션이 masked: 뒤 단어를 못 보게 가린다. 학습할 때 " → 이 기록 줄만 버립니다
   ! quote-없음 [트랜스포머] "왜 h=8 인가. 실험으로 정했다는데 표 3 을 볼 때 16 이나 32 " → 이 기록 줄만 버립니다
   ! quote-없음 [DETR] "DETR 이 masked 를 안 쓰는 건 출력이 순서 없는 집합이라 뒤를" → 이 기록 줄만 버립니다
   갱신 wiki/트랜스포머.md (기록 6, 링크 2)
   갱신 wiki/DETR.md (기록 2, 링크 4)

══════════════════════════════════════════════════════════════════════
위키 41장 · 링크 103개 · 문서당 2.51 (기준선 1.5)
AI 호출 8회 · 캐시 0회 · 임베딩 0항목 · 지적 7건 · 토큰 입력 154697 (캐시 34560) · 출력 16872 (추론 1832) · $0.62 · 호출 중앙값 57.8s 합계 488s
잔액: $36.50 → $35.66 (차감 $0.846 · 반영 지연 가능)

만들어진 페이지: 1x1 컨볼루션, BFS, CNN, DETR, DFS, ResNet, SQL, dilation, fork, pooling, receptive field, 가족, 관계형 모델, 기울기 소실, 기회비용, 나, 느리게 걷기, 달리기, 도서관 좌석 알림 앱, 매몰비용, 멀티 소스 BFS, 민지, 수면, 수아, 수요와 공급, 스레드, 시스템 콜, 알고리즘 스터디, 역전파, 운영체제, 지훈, 추석, 커피, 컨텍스트 스위치, 키 (데이터베이스), 탄력성, 태윤, 트랜스포머, 퍼셉트론, 프로세스, 활성함수
